
> vite_react_shadcn_ts@0.0.0 build
> vite build

[36mvite v5.4.19 [32mbuilding for production...[36m[39m
transforming...
[32mΓ£ô[39m 3862 modules transformed.
rendering chunks...
computing gzip size...
[2mdist/[22m[32mmanifest.webmanifest                        [39m[1m[2m    0.47 kB[22m[1m[22m
[2mdist/[22m[32mindex.html                                  [39m[1m[2m    1.47 kB[22m[1m[22m[2m Γöé gzip:   0.59 kB[22m
[2mdist/[22m[32massets/hero-bg-BKHixX1R.jpg                 [39m[1m[2m  151.84 kB[22m[1m[22m
[2mdist/[22m[35massets/index-CCd46iE8.css                   [39m[1m[2m   89.71 kB[22m[1m[22m[2m Γöé gzip:  19.21 kB[22m
[2mdist/[22m[36massets/workbox-window.prod.es5-vqzQaGvo.js  [39m[1m[2m    5.72 kB[22m[1m[22m[2m Γöé gzip:   2.35 kB[22m
[2mdist/[22m[36massets/index-DfzgXpCr.js                    [39m[1m[33m2,884.73 kB[39m[22m[2m Γöé gzip: 601.43 kB[22m
node.exe : [33m
At line:1 char:1
+ & "C:\Program Files\nodejs/node.exe" 
"C:\Program Files\nodejs/node_mo ...
+ ~~~~~~~~~~~~~~~~~~~~~~~~~~~~~~~~~~~~~~
~~~~~~~~~~~~~~~~~~~~~~~~~~~~~~~
    + CategoryInfo          : NotSpecif 
   ied: ([33m:String) [], RemoteExcep  
  tion
    + FullyQualifiedErrorId : NativeCom 
   mandError
 
(!) Some chunks are larger than 500 kB 
after minification. Consider:
- Using dynamic import() to code-split 
the application
- Use 
build.rollupOptions.output.manualChunks 
to improve chunking: https://rollupjs.or
g/configuration-options/#output-manualch
unks
- Adjust chunk size limit for this 
warning via 
build.chunkSizeWarningLimit.[39m
[32mΓ£ô built in 9.74s[39m
[31merror during build:
Error: 
  Configure 
"workbox.maximumFileSizeToCacheInBytes" 
to change the limit: the default value 
is 2 MiB.
  Check https://vite-pwa-org.netlify.app
/guide/faq.html#missing-assets-from-sw-p
recache-manifest for more information.
  Assets exceeding the limit:
  - assets/index-DfzgXpCr.js is 2.88 
MB, and won't be precached.

    at logWorkboxResult (file:///C:/User
s/arams/Downloads/cleanroute-ai-path-mai
n/cleanroute-ai-path-main/cleanroute-ai-
path-main/node_modules/vite-plugin-pwa/d
ist/chunk-G4TAN34B.js:44:13)
    at generateServiceWorker (file:///C:
/Users/arams/Downloads/cleanroute-ai-pat
h-main/cleanroute-ai-path-main/cleanrout
e-ai-path-main/node_modules/vite-plugin-
pwa/dist/index.js:209:3)
    at async _generateSW (file:///C:/Use
rs/arams/Downloads/cleanroute-ai-path-ma
in/cleanroute-ai-path-main/cleanroute-ai
-path-main/node_modules/vite-plugin-pwa/
dist/index.js:234:5)
    at async Object.handler (file:///C:/
Users/arams/Downloads/cleanroute-ai-path
-main/cleanroute-ai-path-main/cleanroute
-ai-path-main/node_modules/vite-plugin-p
wa/dist/index.js:427:13)
    at async PluginDriver.hookParallel (
file:///C:/Users/arams/Downloads/cleanro
ute-ai-path-main/cleanroute-ai-path-main
/cleanroute-ai-path-main/node_modules/ro
llup/dist/es/shared/node-entry.js:20652:
17)
    at async Object.close (file:///C:/Us
ers/arams/Downloads/cleanroute-ai-path-m
ain/cleanroute-ai-path-main/cleanroute-a
i-path-main/node_modules/rollup/dist/es/
shared/node-entry.js:21627:13)
    at async build (file:///C:/Users/ara
ms/Downloads/cleanroute-ai-path-main/cle
anroute-ai-path-main/cleanroute-ai-path-
main/node_modules/vite/dist/node/chunks/
dep-C6uTJdX2.js:65716:17)
    at async CAC.<anonymous> (file:///C:
/Users/arams/Downloads/cleanroute-ai-pat
h-main/cleanroute-ai-path-main/cleanrout
e-ai-path-main/node_modules/vite/dist/no
de/cli.js:829:5)[39m
